
                      Program BIFACTOR

          Full-Information Item Bifactor Analysis

            Robert D. Gibbons and Donald Hedeker
              Psychometrika, 57, 423-436, 1992




problem file:    cog5.DEF                                        
output file:     cog5.OUT                                        
score file:      cog5.SCR                                        
graph file:      cog5.ICC                                        
parameter file:      cog5.PRM                                        

pCAT-COG - 5 subdomains: delete 5 9 40 41 49 50 51 53 55 56 
recode items: 8, 22, 23, 43, 45, 48                         

Bi-Factor Model

items in subset  1 -    1   2   3   4   6   7   8
items in subset  2 -   10  11  12  13  14  15  16  17  18
items in subset  3 -   19  20  21  22  23  24  25  26  27
items in subset  4 -   31  32  33  34  35  36  37  38  39
items in subset  5 -   42  43  44  45  46  47  48

Full Graded Model


the first 5 response patterns are

 443133231232332123424313324314444332243224242433411242111
 444434424444343444443332434344343233344224343343432244144
 444334434244344434434333434443443231233224342243433444344
 444424434444444434424334434444444222344224232323421443111
 444434434444443444444333444444443233443224343443442444344

iteration    1  log L =        1103.658  max correction =  2.66661 ridge = 0.000
iteration    2  log L =        6370.780  max correction =  0.61701 ridge = 0.000
iteration    3  log L =        6837.102  max correction =  0.34571 ridge = 0.000
iteration    4  log L =        7109.681  max correction =  0.33330 ridge = 0.000
iteration    5  log L =        7293.003  max correction =  0.31799 ridge = 0.000
iteration    6  log L =        7431.965  max correction =  0.29930 ridge = 0.000
iteration    7  log L =        7544.460  max correction =  0.28039 ridge = 0.000
iteration    8  log L =        7638.446  max correction =  0.26209 ridge = 0.000
iteration    9  log L =        7718.218  max correction =  0.24450 ridge = 0.000
iteration   10  log L =        7786.541  max correction =  0.22754 ridge = 0.000
iteration   11  log L =        7845.406  max correction =  0.21116 ridge = 0.000
iteration   12  log L =        7896.329  max correction =  0.19540 ridge = 0.000
iteration   13  log L =        7940.506  max correction =  0.18034 ridge = 0.000
iteration   14  log L =        7978.900  max correction =  0.16597 ridge = 0.000
iteration   15  log L =        8012.305  max correction =  0.15254 ridge = 0.000
iteration   16  log L =        8041.382  max correction =  0.13994 ridge = 0.000
iteration   17  log L =        8066.691  max correction =  0.12823 ridge = 0.000
iteration   18  log L =        8088.710  max correction =  0.11740 ridge = 0.000
iteration   19  log L =        8107.854  max correction =  0.10739 ridge = 0.000
iteration   20  log L =        8124.480  max correction =  0.09815 ridge = 0.000
iteration   21  log L =        8138.902  max correction =  0.08962 ridge = 0.000
iteration   22  log L =        8151.397  max correction =  0.08179 ridge = 0.000
iteration   23  log L =        8162.204  max correction =  0.07463 ridge = 0.000
iteration   24  log L =        8171.538  max correction =  0.06809 ridge = 0.000
iteration   25  log L =        8179.587  max correction =  0.06213 ridge = 0.000
iteration   26  log L =        8186.516  max correction =  0.05672 ridge = 0.000
iteration   27  log L =        8192.471  max correction =  0.05178 ridge = 0.000
iteration   28  log L =        8197.579  max correction =  0.04728 ridge = 0.000
iteration   29  log L =        8201.955  max correction =  0.04316 ridge = 0.000
iteration   30  log L =        8205.697  max correction =  0.03940 ridge = 0.000
iteration   31  log L =        8208.892  max correction =  0.03595 ridge = 0.000
iteration   32  log L =        8211.615  max correction =  0.03280 ridge = 0.000
iteration   33  log L =        8213.933  max correction =  0.02992 ridge = 0.000
iteration   34  log L =        8215.903  max correction =  0.02728 ridge = 0.000
iteration   35  log L =        8217.576  max correction =  0.02488 ridge = 0.000
iteration   36  log L =        8218.993  max correction =  0.02268 ridge = 0.000
iteration   37  log L =        8220.193  max correction =  0.02064 ridge = 0.000
iteration   38  log L =        8221.208  max correction =  0.01885 ridge = 0.000
iteration   39  log L =        8222.066  max correction =  0.01719 ridge = 0.000
iteration   40  log L =        8222.789  max correction =  0.01567 ridge = 0.000
iteration   41  log L =        8223.399  max correction =  0.01429 ridge = 0.000
iteration   42  log L =        8223.913  max correction =  0.01303 ridge = 0.000
iteration   43  log L =        8224.346  max correction =  0.01188 ridge = 0.000
iteration   44  log L =        8224.710  max correction =  0.01084 ridge = 0.000
iteration   45  log L =        8225.016  max correction =  0.00988 ridge = 0.000
iteration   46  log L =        8225.273  max correction =  0.00902 ridge = 0.000
iteration   47  log L =        8225.488  max correction =  0.00822 ridge = 0.000
iteration   48  log L =        8225.669  max correction =  0.00750 ridge = 0.000
iteration   49  log L =        8225.821  max correction =  0.00684 ridge = 0.000
iteration   50  log L =        8225.949  max correction =  0.00624 ridge = 0.000
iteration   51  log L =        8226.055  max correction =  0.00569 ridge = 0.000
iteration   52  log L =        8226.145  max correction =  0.00519 ridge = 0.000
iteration   53  log L =        8226.220  max correction =  0.00473 ridge = 0.000
iteration   54  log L =        8226.283  max correction =  0.00431 ridge = 0.000
iteration   55  log L =        8226.335  max correction =  0.00393 ridge = 0.000
iteration   56  log L =        8226.380  max correction =  0.00359 ridge = 0.000
iteration   57  log L =        8226.417  max correction =  0.00337 ridge = 0.000
iteration   58  log L =        8226.448  max correction =  0.00331 ridge = 0.000
iteration   59  log L =        8226.474  max correction =  0.00325 ridge = 0.000
iteration   60  log L =        8226.496  max correction =  0.00320 ridge = 0.000
iteration   61  log L =        8226.514  max correction =  0.00314 ridge = 0.000
iteration   62  log L =        8226.529  max correction =  0.00309 ridge = 0.000
iteration   63  log L =        8226.542  max correction =  0.00304 ridge = 0.000
iteration   64  log L =        8226.553  max correction =  0.00299 ridge = 0.000
iteration   65  log L =        8226.562  max correction =  0.00293 ridge = 0.000
iteration   66  log L =        8226.570  max correction =  0.00288 ridge = 0.000
iteration   67  log L =        8226.577  max correction =  0.00284 ridge = 0.000
iteration   68  log L =        8226.582  max correction =  0.00279 ridge = 0.000
iteration   69  log L =        8226.587  max correction =  0.00274 ridge = 0.000
iteration   70  log L =        8226.591  max correction =  0.00269 ridge = 0.000
iteration   71  log L =        8226.595  max correction =  0.00265 ridge = 0.000
iteration   72  log L =        8226.598  max correction =  0.00260 ridge = 0.000
iteration   73  log L =        8226.600  max correction =  0.00256 ridge = 0.000
iteration   74  log L =        8226.602  max correction =  0.00251 ridge = 0.000
iteration   75  log L =        8226.604  max correction =  0.00247 ridge = 0.000
iteration   76  log L =        8226.606  max correction =  0.00243 ridge = 0.000
iteration   77  log L =        8226.607  max correction =  0.00239 ridge = 0.000
iteration   78  log L =        8226.609  max correction =  0.00234 ridge = 0.000
iteration   79  log L =        8226.610  max correction =  0.00230 ridge = 0.000
iteration   80  log L =        8226.611  max correction =  0.00227 ridge = 0.000
iteration   81  log L =        8226.612  max correction =  0.00223 ridge = 0.000
iteration   82  log L =        8226.613  max correction =  0.00219 ridge = 0.000
iteration   83  log L =        8226.613  max correction =  0.00215 ridge = 0.000
iteration   84  log L =        8226.614  max correction =  0.00212 ridge = 0.000
iteration   85  log L =        8226.614  max correction =  0.00208 ridge = 0.000
iteration   86  log L =        8226.615  max correction =  0.00204 ridge = 0.000
iteration   87  log L =        8226.615  max correction =  0.00201 ridge = 0.000
iteration   88  log L =        8226.616  max correction =  0.00198 ridge = 0.000
iteration   89  log L =        8226.616  max correction =  0.00194 ridge = 0.000
iteration   90  log L =        8226.617  max correction =  0.00191 ridge = 0.000
iteration   91  log L =        8226.617  max correction =  0.00188 ridge = 0.000
iteration   92  log L =        8226.617  max correction =  0.00185 ridge = 0.000
iteration   93  log L =        8226.618  max correction =  0.00181 ridge = 0.000
iteration   94  log L =        8226.618  max correction =  0.00178 ridge = 0.000
iteration   95  log L =        8226.618  max correction =  0.00175 ridge = 0.000
iteration   96  log L =        8226.619  max correction =  0.00172 ridge = 0.000
iteration   97  log L =        8226.619  max correction =  0.00170 ridge = 0.000
iteration   98  log L =        8226.619  max correction =  0.00167 ridge = 0.000
iteration   99  log L =        8226.619  max correction =  0.00164 ridge = 0.000
iteration  100  log L =        8226.619  max correction =  0.00161 ridge = 0.000
iteration  101  log L =        8226.620  max correction =  0.00159 ridge = 0.000
iteration  102  log L =        8226.620  max correction =  0.00156 ridge = 0.000
iteration  103  log L =        8226.620  max correction =  0.00153 ridge = 0.000
iteration  104  log L =        8226.620  max correction =  0.00151 ridge = 0.000
iteration  105  log L =        8226.620  max correction =  0.00148 ridge = 0.000
iteration  106  log L =        8226.621  max correction =  0.00146 ridge = 0.000
iteration  107  log L =        8226.621  max correction =  0.00143 ridge = 0.000
iteration  108  log L =        8226.621  max correction =  0.00141 ridge = 0.000
iteration  109  log L =        8226.621  max correction =  0.00139 ridge = 0.000
iteration  110  log L =        8226.621  max correction =  0.00136 ridge = 0.000
iteration  111  log L =        8226.621  max correction =  0.00134 ridge = 0.000
iteration  112  log L =        8226.621  max correction =  0.00132 ridge = 0.000
iteration  113  log L =        8226.622  max correction =  0.00130 ridge = 0.000
iteration  114  log L =        8226.622  max correction =  0.00128 ridge = 0.000
iteration  115  log L =        8226.622  max correction =  0.00126 ridge = 0.000
iteration  116  log L =        8226.622  max correction =  0.00123 ridge = 0.000
iteration  117  log L =        8226.622  max correction =  0.00121 ridge = 0.000
iteration  118  log L =        8226.622  max correction =  0.00119 ridge = 0.000
iteration  119  log L =        8226.622  max correction =  0.00118 ridge = 0.000
iteration  120  log L =        8226.622  max correction =  0.00116 ridge = 0.000
iteration  121  log L =        8226.622  max correction =  0.00114 ridge = 0.000
iteration  122  log L =        8226.623  max correction =  0.00112 ridge = 0.000
iteration  123  log L =        8226.623  max correction =  0.00110 ridge = 0.000
iteration  124  log L =        8226.623  max correction =  0.00108 ridge = 0.000
iteration  125  log L =        8226.623  max correction =  0.00107 ridge = 0.000
iteration  126  log L =        8226.623  max correction =  0.00105 ridge = 0.000
iteration  127  log L =        8226.623  max correction =  0.00103 ridge = 0.000
iteration  128  log L =        8226.623  max correction =  0.00101 ridge = 0.000
iteration  129  log L =        8226.623  max correction =  0.00100 ridge = 0.000
iteration  130  log L =        8226.623  max correction =  0.00098 ridge = 0.000
iteration  131  log L =        8226.623  max correction =  0.00097 ridge = 0.000
iteration  132  log L =        8226.623  max correction =  0.00095 ridge = 0.000
iteration  133  log L =        8226.623  max correction =  0.00093 ridge = 0.000
iteration  134  log L =        8226.623  max correction =  0.00092 ridge = 0.000
iteration  135  log L =        8226.624  max correction =  0.00091 ridge = 0.000
iteration  136  log L =        8226.624  max correction =  0.00089 ridge = 0.000
iteration  137  log L =        8226.624  max correction =  0.00088 ridge = 0.000
iteration  138  log L =        8226.624  max correction =  0.00086 ridge = 0.000
iteration  139  log L =        8226.624  max correction =  0.00085 ridge = 0.000
iteration  140  log L =        8226.624  max correction =  0.00084 ridge = 0.000
iteration  141  log L =        8226.624  max correction =  0.00082 ridge = 0.000
iteration  142  log L =        8226.624  max correction =  0.00081 ridge = 0.000
iteration  143  log L =        8226.624  max correction =  0.00080 ridge = 0.000
iteration  144  log L =        8226.624  max correction =  0.00078 ridge = 0.000
iteration  145  log L =        8226.624  max correction =  0.00077 ridge = 0.000
iteration  146  log L =        8226.624  max correction =  0.00076 ridge = 0.000
iteration  147  log L =        8226.624  max correction =  0.00075 ridge = 0.000
iteration  148  log L =        8226.624  max correction =  0.00073 ridge = 0.000
iteration  149  log L =        8226.624  max correction =  0.00072 ridge = 0.000
iteration  150  log L =        8226.624  max correction =  0.00071 ridge = 0.000
iteration  151  log L =        8226.624  max correction =  0.00070 ridge = 0.000
iteration  152  log L =        8226.624  max correction =  0.00069 ridge = 0.000
iteration  153  log L =        8226.624  max correction =  0.00068 ridge = 0.000
iteration  154  log L =        8226.624  max correction =  0.00067 ridge = 0.000
iteration  155  log L =        8226.624  max correction =  0.00066 ridge = 0.000
iteration  156  log L =        8226.624  max correction =  0.00065 ridge = 0.000
iteration  157  log L =        8226.624  max correction =  0.00064 ridge = 0.000
iteration  158  log L =        8226.624  max correction =  0.00063 ridge = 0.000
iteration  159  log L =        8226.624  max correction =  0.00062 ridge = 0.000
iteration  160  log L =        8226.624  max correction =  0.00061 ridge = 0.000
iteration  161  log L =        8226.624  max correction =  0.00060 ridge = 0.000
iteration  162  log L =        8226.625  max correction =  0.00059 ridge = 0.000
iteration  163  log L =        8226.625  max correction =  0.00058 ridge = 0.000
iteration  164  log L =        8226.625  max correction =  0.00057 ridge = 0.000
iteration  165  log L =        8226.625  max correction =  0.00056 ridge = 0.000
iteration  166  log L =        8226.625  max correction =  0.00055 ridge = 0.000
iteration  167  log L =        8226.625  max correction =  0.00054 ridge = 0.000
iteration  168  log L =        8226.625  max correction =  0.00053 ridge = 0.000
iteration  169  log L =        8226.625  max correction =  0.00053 ridge = 0.000
iteration  170  log L =        8226.625  max correction =  0.00052 ridge = 0.000
iteration  171  log L =        8226.625  max correction =  0.00051 ridge = 0.000
iteration  172  log L =        8226.625  max correction =  0.00050 ridge = 0.000
iteration  173  log L =        8226.625  max correction =  0.00049 ridge = 0.000
iteration  174  log L =        8226.625  max correction =  0.00049 ridge = 0.000
iteration  175  log L =        8226.625  max correction =  0.00048 ridge = 0.000
iteration  176  log L =        8226.625  max correction =  0.00047 ridge = 0.000
iteration  177  log L =        8226.625  max correction =  0.00046 ridge = 0.000
iteration  178  log L =        8226.625  max correction =  0.00046 ridge = 0.000
iteration  179  log L =        8226.625  max correction =  0.00045 ridge = 0.000
iteration  180  log L =        8226.625  max correction =  0.00044 ridge = 0.000
iteration  181  log L =        8226.625  max correction =  0.00044 ridge = 0.000
iteration  182  log L =        8226.625  max correction =  0.00043 ridge = 0.000
iteration  183  log L =        8226.625  max correction =  0.00042 ridge = 0.000
iteration  184  log L =        8226.625  max correction =  0.00042 ridge = 0.000
iteration  185  log L =        8226.625  max correction =  0.00041 ridge = 0.000
iteration  186  log L =        8226.625  max correction =  0.00040 ridge = 0.000
iteration  187  log L =        8226.625  max correction =  0.00040 ridge = 0.000
iteration  188  log L =        8226.625  max correction =  0.00039 ridge = 0.000
iteration  189  log L =        8226.625  max correction =  0.00038 ridge = 0.000
iteration  190  log L =        8226.625  max correction =  0.00038 ridge = 0.000
iteration  191  log L =        8226.625  max correction =  0.00037 ridge = 0.000
iteration  192  log L =        8226.625  max correction =  0.00037 ridge = 0.000
iteration  193  log L =        8226.625  max correction =  0.00036 ridge = 0.000
iteration  194  log L =        8226.625  max correction =  0.00036 ridge = 0.000
iteration  195  log L =        8226.625  max correction =  0.00035 ridge = 0.000
iteration  196  log L =        8226.625  max correction =  0.00035 ridge = 0.000
iteration  197  log L =        8226.625  max correction =  0.00034 ridge = 0.000
iteration  198  log L =        8226.625  max correction =  0.00033 ridge = 0.000
iteration  199  log L =        8226.625  max correction =  0.00033 ridge = 0.000
iteration  200  log L =        8226.625  max correction =  0.00032 ridge = 0.000


final item thresholds

   1 -2.459 -2.088 -1.495
   2 -2.574 -2.188 -1.409
   3 -2.671 -2.223 -1.556
   4 -2.167 -1.033 -0.144
   6 -2.355 -1.685 -0.680
   7 -2.736 -1.519 -0.783
   8 -2.793 -0.699
  10 -2.047 -1.134 -0.404
  11 -2.443 -1.646 -0.697
  12 -2.017 -0.940 -0.299
  13 -1.743 -0.750  0.317
  14 -2.247 -1.472 -0.672
  15 -2.000 -1.203 -0.204
  16 -2.165 -1.709 -0.822
  17 -1.433 -0.501  0.181
  18 -2.003 -1.450 -0.716
  19 -2.634 -2.207 -1.410
  20 -1.914 -0.755  0.368
  21 -2.646 -1.641 -0.157
  22 -2.587 -1.516
  23 -2.276 -1.365
  24 -2.021 -0.960  0.024
  25 -2.232 -1.398 -0.484
  26 -1.939 -1.043  0.083
  27 -2.464 -1.586 -0.722
  31 -2.242 -1.766 -1.078
  32 -2.137 -1.642 -1.151
  33 -1.975 -1.238 -0.585
  34 -1.482 -0.406  0.904
  35 -1.417 -0.281  1.384
  36 -1.228 -0.065  0.896
  37 -1.992 -0.759  0.404
  38 -2.160 -1.052 -0.263
  39 -1.777 -0.872 -0.003
  42 -3.015 -2.780 -2.132
  43 -2.235 -0.998
  44 -2.808 -2.296 -1.205
  45 -2.314 -1.087
  46 -2.459 -1.645 -0.434
  47 -2.993 -2.103 -1.010
  48 -2.940 -1.712



final item factor loadings

   1  0.429  0.808  0.000  0.000  0.000  0.000
   2  0.402  0.730  0.000  0.000  0.000  0.000
   3  0.426  0.719  0.000  0.000  0.000  0.000
   4  0.332  0.385  0.000  0.000  0.000  0.000
   6  0.349  0.430  0.000  0.000  0.000  0.000
   7  0.490  0.426  0.000  0.000  0.000  0.000
   8  0.120  0.192  0.000  0.000  0.000  0.000
  10  0.498  0.000  0.405  0.000  0.000  0.000
  11  0.552  0.000  0.492  0.000  0.000  0.000
  12  0.617  0.000  0.487  0.000  0.000  0.000
  13  0.565  0.000  0.353  0.000  0.000  0.000
  14  0.514  0.000  0.444  0.000  0.000  0.000
  15  0.458  0.000  0.528  0.000  0.000  0.000
  16  0.529  0.000  0.459  0.000  0.000  0.000
  17  0.665  0.000  0.364  0.000  0.000  0.000
  18  0.549  0.000  0.560  0.000  0.000  0.000
  19  0.178  0.000  0.000 -0.132  0.000  0.000
  20  0.400  0.000  0.000 -0.196  0.000  0.000
  21  0.369  0.000  0.000 -0.071  0.000  0.000
  22  0.437  0.000  0.000  0.155  0.000  0.000
  23  0.551  0.000  0.000  0.204  0.000  0.000
  24  0.329  0.000  0.000  0.413  0.000  0.000
  25  0.300  0.000  0.000  0.482  0.000  0.000
  26  0.375  0.000  0.000  0.305  0.000  0.000
  27  0.524  0.000  0.000  0.318  0.000  0.000
  31  0.428  0.000  0.000  0.000  0.480  0.000
  32  0.601  0.000  0.000  0.000  0.313  0.000
  33  0.553  0.000  0.000  0.000  0.378  0.000
  34  0.417  0.000  0.000  0.000  0.379  0.000
  35  0.542  0.000  0.000  0.000  0.292  0.000
  36  0.527  0.000  0.000  0.000  0.284  0.000
  37  0.575  0.000  0.000  0.000  0.277  0.000
  38  0.612  0.000  0.000  0.000  0.340  0.000
  39  0.561  0.000  0.000  0.000  0.414  0.000
  42  0.299  0.000  0.000  0.000  0.000  0.369
  43  0.198  0.000  0.000  0.000  0.000  0.292
  44  0.229  0.000  0.000  0.000  0.000  0.108
  45  0.298  0.000  0.000  0.000  0.000  0.062
  46  0.303  0.000  0.000  0.000  0.000  0.281
  47 -0.044  0.000  0.000  0.000  0.000  0.627
  48  0.148  0.000  0.000  0.000  0.000  0.228


N(j) and observed proportions

   1   730   0.007  0.010  0.048  0.936
   2   730   0.005  0.008  0.063  0.923
   3   730   0.004  0.008  0.045  0.942
   4   729   0.014  0.139  0.294  0.554
   6   729   0.008  0.037  0.206  0.749
   7   730   0.003  0.063  0.151  0.784
   8   730   0.003  0.219  0.705
  10   730   0.021  0.110  0.212  0.658
  11   730   0.008  0.047  0.184  0.762
  12   730   0.027  0.142  0.200  0.630
  13   730   0.042  0.184  0.395  0.379
  14   729   0.015  0.058  0.173  0.754
  15   729   0.029  0.085  0.294  0.593
  16   730   0.016  0.032  0.156  0.796
  17   730   0.081  0.221  0.262  0.437
  18   730   0.029  0.048  0.149  0.774
  19   730   0.004  0.010  0.066  0.921
  20   729   0.027  0.199  0.417  0.357
  21   730   0.004  0.047  0.386  0.563
  22   730   0.004  0.049  0.858
  23   730   0.010  0.062  0.848
  24   729   0.022  0.147  0.340  0.491
  25   729   0.014  0.067  0.232  0.687
  26   730   0.026  0.123  0.384  0.467
  27   730   0.008  0.049  0.174  0.768
  31   730   0.015  0.027  0.096  0.862
  32   730   0.021  0.036  0.067  0.877
  33   730   0.029  0.079  0.160  0.732
  34   729   0.069  0.273  0.476  0.182
  35   730   0.079  0.304  0.537  0.079
  36   729   0.110  0.361  0.344  0.185
  37   730   0.025  0.197  0.432  0.347
  38   730   0.019  0.125  0.242  0.614
  39   730   0.042  0.144  0.303  0.511
  42   730   0.001  0.001  0.014  0.984
  43   728   0.011  0.129  0.768
  44   730   0.003  0.008  0.103  0.886
  45   729   0.008  0.110  0.786
  46   730   0.007  0.042  0.284  0.667
  47   730   0.001  0.016  0.138  0.844
  48   730   0.001  0.036  0.852


expected proportions

   1         0.007  0.011  0.049  0.933
   2         0.005  0.009  0.065  0.921
   3         0.004  0.009  0.047  0.940
   4         0.015  0.136  0.292  0.557
   6         0.009  0.037  0.202  0.752
   7         0.003  0.061  0.152  0.783
   8         0.003  0.240  0.758
  10         0.020  0.108  0.215  0.657
  11         0.007  0.043  0.193  0.757
  12         0.022  0.152  0.209  0.617
  13         0.041  0.186  0.398  0.376
  14         0.012  0.058  0.180  0.749
  15         0.023  0.092  0.305  0.581
  16         0.015  0.029  0.162  0.794
  17         0.076  0.232  0.263  0.428
  18         0.023  0.051  0.163  0.763
  19         0.004  0.009  0.066  0.921
  20         0.028  0.197  0.418  0.356
  21         0.004  0.046  0.387  0.562
  22         0.005  0.060  0.935
  23         0.011  0.075  0.914
  24         0.022  0.147  0.341  0.491
  25         0.013  0.068  0.233  0.686
  26         0.026  0.122  0.385  0.467
  27         0.007  0.050  0.179  0.765
  31         0.012  0.026  0.102  0.860
  32         0.016  0.034  0.075  0.875
  33         0.024  0.084  0.172  0.721
  34         0.069  0.273  0.475  0.183
  35         0.078  0.311  0.527  0.083
  36         0.110  0.364  0.341  0.185
  37         0.023  0.201  0.433  0.343
  38         0.015  0.131  0.250  0.604
  39         0.038  0.154  0.307  0.501
  42         0.001  0.001  0.014  0.983
  43         0.013  0.146  0.841
  44         0.002  0.008  0.103  0.886
  45         0.010  0.128  0.861
  46         0.007  0.043  0.282  0.668
  47         0.001  0.016  0.138  0.844
  48         0.002  0.042  0.957





likelihood ratio chi-square statistics


chi square = **********  df =  454 log L =       8226.625




 SUMMARY STATISTICS FOR SCORE ESTIMATES
 ======================================

 CASES SCORED          730
 MEAN:              0.0000    0.0000    0.0000    0.0000    0.0000    0.0000
 S.D.:              0.8853    0.6530    0.7134    0.5952    0.6257    0.5014
 VARIANCE:          0.7838    0.4264    0.5089    0.3543    0.3915    0.2514


 ROOT-MEAN-SQUARE POSTERIOR STANDARD DEVIATIONS

 RMS:               0.4649    0.7574    0.7007    0.8036    0.7800    0.8652
 VARIANCE:          0.2162    0.5736    0.4910    0.6457    0.6085    0.7486

 EMPIRICAL 
   RELIABILITY:     0.7838    0.4264    0.5090    0.3543    0.3915    0.2514
